[www.clb-ami1.be/index.html]
[backblue.gif]
[fade.gif]
[index.html]
[www.clb-ami1.be/_themes/eclipse/eclbkgnd.gif]
[www.clb-ami1.be/_borders/clb logo - koepel.gif]
[www.clb-ami1.be/_derived/index.htm_cmp_eclipse110_bnr.gif]
[www.clb-ami1.be/_derived/home_cmp_Pixel100_vbtn_p.gif]
[www.clb-ami1.be/contact.htm]
[www.clb-ami1.be/_derived/contact.htm_cmp_Pixel100_vbtn.gif]
[www.clb-ami1.be/openingsuren.htm]
[www.clb-ami1.be/_derived/openingsuren.htm_cmp_Pixel100_vbtn.gif]
[www.clb-ami1.be/ligging.htm]
[www.clb-ami1.be/_derived/ligging.htm_cmp_Pixel100_vbtn.gif]
[www.clb-ami1.be/wat_doen_wij.htm]
[www.clb-ami1.be/_derived/wat_doen_wij.htm_cmp_Pixel100_vbtn.gif]
[www.clb-ami1.be/4_domeinen.htm]
[www.clb-ami1.be/_derived/4_domeinen.htm_cmp_Pixel100_vbtn.gif]
[www.clb-ami1.be/kansenbevordering.htm]
[www.clb-ami1.be/_derived/kansenbevordering.htm_cmp_Pixel100_vbtn.gif]
[www.clb-ami1.be/scholen.htm]
[www.clb-ami1.be/_derived/scholen.htm_cmp_Pixel100_vbtn.gif]
[www.clb-ami1.be/personeel.htm]
[www.clb-ami1.be/_derived/personeel.htm_cmp_Pixel100_vbtn.gif]
[www.clb-ami1.be/Opendeurdagen.htm]
[www.clb-ami1.be/_derived/Opendeurdagen.htm_cmp_Pixel100_vbtn.gif]
[www.clb-ami1.be/linkenbank.htm]
[www.clb-ami1.be/_derived/linkenbank.htm_cmp_Pixel100_vbtn.gif]
[www.clb-ami1.be/informatie_scholen_in_regio1.htm]
[www.clb-ami1.be/_derived/informatie_scholen_in_regio1.htm_cmp_Pixel100_vbtn.gif]
[www.clb-ami1.be/nieuwe_pagina_2.htm]
[www.clb-ami1.be/_derived/nieuwe_pagina_2.htm_cmp_Pixel100_vbtn.gif]
[www.clb-ami1.be/cover300x342.jpg]
[www.clb-ami1.be/_themes/eclipse/aeclrule.gif]
[www.clb-ami1.be/index.html]
[www.clb-ami1.be/_derived/home_cmp_Echo000_gbtn.gif]
[www.clb-ami1.be/_derived/contact.htm_cmp_eclipse010_bnr.gif]
[www.clb-ami1.be/_derived/home_cmp_Pixel100_vbtn.gif]
[www.clb-ami1.be/_derived/contact.htm_cmp_Pixel100_vbtn_p.gif]
[www.clb-ami1.be/images/Telefoon bewegend.gif]
[www.clb-ami1.be/_derived/home_cmp_Echo000_home.gif]
[www.clb-ami1.be/_derived/next_cmp_Echo000_next.gif]
[www.clb-ami1.be/contact.htm]
[www.clb-ami1.be/_derived/openingsuren.htm_cmp_eclipse110_bnr.gif]
[www.clb-ami1.be/_derived/openingsuren.htm_cmp_Pixel100_vbtn_p.gif]
[www.clb-ami1.be/images/clock.thm[1].gif]
[www.clb-ami1.be/_derived/back_cmp_Echo000_back.gif]
[www.clb-ami1.be/openingsuren.htm]
[www.clb-ami1.be/_derived/ligging.htm_cmp_eclipse110_bnr.gif]
[www.clb-ami1.be/_derived/ligging.htm_cmp_Pixel100_vbtn_p.gif]
[www.clb-ami1.be/vorselaar1.htm]
[www.clb-ami1.be/P1000676.JPG]
[www.clb-ami1.be/zoersel1.htm]
[www.clb-ami1.be/liggin1.jpg]
[www.clb-ami1.be/zoersel2.htm]
[www.clb-ami1.be/CLB1.JPG]
[www.clb-ami1.be/ligging.htm]
[www.clb-ami1.be/_derived/wat_doen_wij.htm_cmp_eclipse110_bnr.gif]
[www.clb-ami1.be/_derived/wat_doen_wij.htm_cmp_Pixel100_vbtn_p.gif]
[www.clb-ami1.be/documenten/Mission Statement.pdf]
[www.clb-ami1.be/documenten/DEONTOLOGISCHE CODE.pdf]
[www.clb-ami1.be/wat_doen_wij.htm]
[www.clb-ami1.be/_derived/4_domeinen.htm_cmp_eclipse110_bnr.gif]
[www.clb-ami1.be/_derived/4_domeinen.htm_cmp_Pixel100_vbtn_p.gif]
[www.clb-ami1.be/preventieve_gezondheidszorg.htm]
[www.clb-ami1.be/leren_en_studeren.htm]
[www.clb-ami1.be/schoolloopbaan.htm]
[www.clb-ami1.be/psychisch_&_sociaal_functioneren.htm]
[www.clb-ami1.be/images/puzzel  4 domeinen[1].gif]
[www.clb-ami1.be/4_domeinen.htm]
[www.clb-ami1.be/_derived/kansenbevordering.htm_cmp_eclipse110_bnr.gif]
[www.clb-ami1.be/_derived/kansenbevordering.htm_cmp_Pixel100_vbtn_p.gif]
[www.clb-ami1.be/_themes/eclipse/aeclbul1.gif]
[www.clb-ami1.be/inschrijvingsrecht 2007.pdf]
[www.clb-ami1.be/kansenbevordering.htm]
[www.clb-ami1.be/_derived/scholen.htm_cmp_eclipse110_bnr.gif]
[www.clb-ami1.be/_derived/scholen.htm_cmp_Pixel100_vbtn_p.gif]
[www.clb-ami1.be/brecht.htm]
[www.clb-ami1.be/nieuwe_pagina_1.htm]
[www.clb-ami1.be/st_job_in't_goor.htm]
[www.clb-ami1.be/oostmalle.htm]
[www.clb-ami1.be/westmalle.htm]
[www.clb-ami1.be/vorselaar.htm]
[www.clb-ami1.be/grobbendonk.htm]
[www.clb-ami1.be/bouwel.htm]
[www.clb-ami1.be/nijlen.htm]
[www.clb-ami1.be/zandhoven.htm]
[www.clb-ami1.be/viersel.htm]
[www.clb-ami1.be/pulderbos.htm]
[www.clb-ami1.be/pulle.htm]
[www.clb-ami1.be/massenhoven.htm]
[www.clb-ami1.be/lille.htm]
[www.clb-ami1.be/poederlee.htm]
[www.clb-ami1.be/wechelderzande.htm]
[www.clb-ami1.be/oelegem.htm]
[www.clb-ami1.be/zoersel.htm]
[www.clb-ami1.be/halle.htm]
[www.clb-ami1.be/st__antonius.htm]
[www.clb-ami1.be/scholen.htm]
[www.clb-ami1.be/_derived/personeel.htm_cmp_eclipse110_bnr.gif]
[www.clb-ami1.be/_derived/personeel.htm_cmp_Pixel100_vbtn_p.gif]
[www.clb-ami1.be/directie.htm]
[www.clb-ami1.be/administratieve_medewerkers1.htm]
[www.clb-ami1.be/artsen.htm]
[www.clb-ami1.be/maatschappelijk_werkers.htm]
[www.clb-ami1.be/paramedisch_werker.htm]
[www.clb-ami1.be/psycho-pedagogisch_consulent.htm]
[www.clb-ami1.be/psycho-pedagogisch_werker.htm]
[www.clb-ami1.be/personeel.htm]
[www.clb-ami1.be/_derived/Opendeurdagen.htm_cmp_eclipse110_bnr.gif]
[www.clb-ami1.be/_derived/Opendeurdagen.htm_cmp_Pixel100_vbtn_p.gif]
[www.clb-ami1.be/Opendeurdagen.htm]
[www.clb-ami1.be/_derived/linkenbank.htm_cmp_eclipse110_bnr.gif]
[www.clb-ami1.be/_derived/linkenbank.htm_cmp_Pixel100_vbtn_p.gif]
[www.clb-ami1.be/linkenbank.htm]
[www.clb-ami1.be/_derived/informatie_scholen_in_regio1.htm_cmp_eclipse110_bnr.gif]
[www.clb-ami1.be/_derived/informatie_scholen_in_regio1.htm_cmp_Pixel100_vbtn_p.gif]
[www.clb-ami1.be/boechout.htm]
[www.clb-ami1.be/westmalle1.htm]
[www.clb-ami1.be/wuustwezel.htm]
[www.clb-ami1.be/borsbeek.htm]
[www.clb-ami1.be/merksem.htm]
[www.clb-ami1.be/zandhoven1.htm]
[www.clb-ami1.be/brasschaat.htm]
[www.clb-ami1.be/nijlen1.htm]
[www.clb-ami1.be/lille1.htm]
[www.clb-ami1.be/ekeren.htm]
[www.clb-ami1.be/schilde.htm]
[www.clb-ami1.be/berlaar.htm]
[www.clb-ami1.be/essen.htm]
[www.clb-ami1.be/schoten.htm]
[www.clb-ami1.be/herentals.htm]
[www.clb-ami1.be/s'gravenwezel.htm]
[www.clb-ami1.be/hoogstraten.htm]
[www.clb-ami1.be/stabroek.htm]
[www.clb-ami1.be/kalmthout.htm]
[www.clb-ami1.be/turnhout.htm]
[www.clb-ami1.be/lier.htm]
[www.clb-ami1.be/vorselaar2.htm]
[www.clb-ami1.be/oostmalle1.htm]
[www.clb-ami1.be/wijnegem.htm]
[www.clb-ami1.be/informatie_scholen_in_regio1.htm]
[www.clb-ami1.be/_derived/nieuwe_pagina_2.htm_cmp_eclipse110_bnr.gif]
[www.clb-ami1.be/_derived/nieuwe_pagina_2.htm_cmp_Pixel100_vbtn_p.gif]
[www.clb-ami1.be/nieuwe_pagina_2.htm]
[www.clb-ami1.be/_vti_bin/fpcount.exe/indexe95c.html]
[www.clb-ami1.be/_derived/up_cmp_Echo000_gbtn.gif]
[www.clb-ami1.be/_derived/vorselaar1.htm_cmp_eclipse110_bnr.gif]
[www.clb-ami1.be/_derived/up_cmp_Pixel100_vbtn.gif]
[www.clb-ami1.be/Vorselaar.gif]
[www.clb-ami1.be/_derived/up_cmp_Echo000_up.gif]
[www.clb-ami1.be/vorselaar1.htm]
[www.clb-ami1.be/_derived/zoersel1.htm_cmp_eclipse110_bnr.gif]
[www.clb-ami1.be/zoersel.gif]
[www.clb-ami1.be/zoersel1.htm]
[www.clb-ami1.be/_derived/zoersel2.htm_cmp_eclipse110_bnr.gif]
[www.clb-ami1.be/zoersel2.htm]
[www.clb-ami1.be/_derived/preventieve_gezondheidszorg.htm_cmp_eclipse110_bnr.gif]
[www.clb-ami1.be/preventieve_gezondheidszorg.htm]
[www.clb-ami1.be/_derived/leren_en_studeren.htm_cmp_eclipse110_bnr.gif]
[www.clb-ami1.be/images/Leren en studeren bord.jpg]
[www.clb-ami1.be/leren_en_studeren.htm]
[www.clb-ami1.be/_derived/schoolloopbaan.htm_cmp_eclipse110_bnr.gif]
[www.clb-ami1.be/images/Leren en studeren boeken.jpg]
[www.clb-ami1.be/schoolloopbaan.htm]
[www.clb-ami1.be/_derived/psychisch_&_sociaal_functioneren.htm_cmp_eclipse110_bnr.gif]
[www.clb-ami1.be/images/Verdriet PSF.gif]
[www.clb-ami1.be/psychisch_&_sociaal_functioneren.htm]
[www.clb-ami1.be/_derived/brecht.htm_cmp_eclipse110_bnr.gif]
[www.clb-ami1.be/brecht.htm]
[www.clb-ami1.be/_derived/nieuwe_pagina_1.htm_cmp_eclipse110_bnr.gif]
[www.clb-ami1.be/nieuwe_pagina_1.htm]
[www.clb-ami1.be/_derived/st_job_in't_goor.htm_cmp_eclipse110_bnr.gif]
[www.clb-ami1.be/st_job_in't_goor.htm]
[www.clb-ami1.be/_derived/oostmalle.htm_cmp_eclipse110_bnr.gif]
[www.clb-ami1.be/oostmalle.htm]
[www.clb-ami1.be/_derived/westmalle.htm_cmp_eclipse110_bnr.gif]
[www.clb-ami1.be/westmalle.htm]
[www.clb-ami1.be/_derived/vorselaar.htm_cmp_eclipse110_bnr.gif]
[www.clb-ami1.be/vorselaar.htm]
[www.clb-ami1.be/_derived/grobbendonk.htm_cmp_eclipse110_bnr.gif]
[www.clb-ami1.be/grobbendonk.htm]
[www.clb-ami1.be/_derived/bouwel.htm_cmp_eclipse110_bnr.gif]
[www.clb-ami1.be/bouwel.htm]
[www.clb-ami1.be/_derived/nijlen.htm_cmp_eclipse110_bnr.gif]
[www.clb-ami1.be/nijlen.htm]
[www.clb-ami1.be/_derived/zandhoven.htm_cmp_eclipse110_bnr.gif]
[www.clb-ami1.be/zandhoven.htm]
[www.clb-ami1.be/_derived/viersel.htm_cmp_eclipse110_bnr.gif]
[www.clb-ami1.be/viersel.htm]
[www.clb-ami1.be/_derived/pulderbos.htm_cmp_eclipse110_bnr.gif]
[www.clb-ami1.be/pulderbos.htm]
[www.clb-ami1.be/_derived/pulle.htm_cmp_eclipse110_bnr.gif]
[www.clb-ami1.be/pulle.htm]
[www.clb-ami1.be/_derived/massenhoven.htm_cmp_eclipse110_bnr.gif]
[www.clb-ami1.be/massenhoven.htm]
[www.clb-ami1.be/_derived/lille.htm_cmp_eclipse110_bnr.gif]
[www.clb-ami1.be/lille.htm]
[www.clb-ami1.be/_derived/poederlee.htm_cmp_eclipse110_bnr.gif]
[www.clb-ami1.be/poederlee.htm]
[www.clb-ami1.be/_derived/wechelderzande.htm_cmp_eclipse110_bnr.gif]
[www.clb-ami1.be/wechelderzande.htm]
[www.clb-ami1.be/_derived/oelegem.htm_cmp_eclipse110_bnr.gif]
[www.clb-ami1.be/oelegem.htm]
[www.clb-ami1.be/_derived/zoersel.htm_cmp_eclipse110_bnr.gif]
[www.clb-ami1.be/zoersel.htm]
[www.clb-ami1.be/_derived/halle.htm_cmp_eclipse110_bnr.gif]
[www.clb-ami1.be/halle.htm]
[www.clb-ami1.be/_derived/st__antonius.htm_cmp_eclipse110_bnr.gif]
[www.clb-ami1.be/st__antonius.htm]
[www.clb-ami1.be/_derived/directie.htm_cmp_eclipse110_bnr.gif]
[www.clb-ami1.be/directie.htm]
[www.clb-ami1.be/_derived/administratieve_medewerkers1.htm_cmp_eclipse110_bnr.gif]
[www.clb-ami1.be/administratieve_medewerkers1.htm]
[www.clb-ami1.be/_derived/artsen.htm_cmp_eclipse110_bnr.gif]
[www.clb-ami1.be/artsen.htm]
[www.clb-ami1.be/_derived/maatschappelijk_werkers.htm_cmp_eclipse110_bnr.gif]
[www.clb-ami1.be/maatschappelijk_werkers.htm]
[www.clb-ami1.be/_derived/paramedisch_werker.htm_cmp_eclipse110_bnr.gif]
[www.clb-ami1.be/paramedisch_werker.htm]
[www.clb-ami1.be/_derived/psycho-pedagogisch_consulent.htm_cmp_eclipse110_bnr.gif]
[www.clb-ami1.be/psycho-pedagogisch_consulent.htm]
[www.clb-ami1.be/_derived/psycho-pedagogisch_werker.htm_cmp_eclipse110_bnr.gif]
[www.clb-ami1.be/psycho-pedagogisch_werker.htm]
[www.clb-ami1.be/_derived/boechout.htm_cmp_eclipse110_bnr.gif]
[www.clb-ami1.be/boechout.htm]
[www.clb-ami1.be/_derived/westmalle1.htm_cmp_eclipse110_bnr.gif]
[www.clb-ami1.be/westmalle1.htm]
[www.clb-ami1.be/_derived/wuustwezel.htm_cmp_eclipse110_bnr.gif]
[www.clb-ami1.be/wuustwezel.htm]
[www.clb-ami1.be/_derived/borsbeek.htm_cmp_eclipse110_bnr.gif]
[www.clb-ami1.be/borsbeek.htm]
[www.clb-ami1.be/_derived/merksem.htm_cmp_eclipse110_bnr.gif]
[www.clb-ami1.be/merksem.htm]
[www.clb-ami1.be/_derived/zandhoven1.htm_cmp_eclipse110_bnr.gif]
[www.clb-ami1.be/zandhoven1.htm]
[www.clb-ami1.be/_derived/brasschaat.htm_cmp_eclipse110_bnr.gif]
[www.clb-ami1.be/brasschaat.htm]
[www.clb-ami1.be/_derived/nijlen1.htm_cmp_eclipse110_bnr.gif]
[www.clb-ami1.be/nijlen1.htm]
[www.clb-ami1.be/_derived/lille1.htm_cmp_eclipse110_bnr.gif]
[www.clb-ami1.be/lille1.htm]
[www.clb-ami1.be/_derived/ekeren.htm_cmp_eclipse110_bnr.gif]
[www.clb-ami1.be/ekeren.htm]
[www.clb-ami1.be/_derived/schilde.htm_cmp_eclipse110_bnr.gif]
[www.clb-ami1.be/schilde.htm]
[www.clb-ami1.be/_derived/berlaar.htm_cmp_eclipse110_bnr.gif]
[www.clb-ami1.be/berlaar.htm]
[www.clb-ami1.be/_derived/essen.htm_cmp_eclipse110_bnr.gif]
[www.clb-ami1.be/essen.htm]
[www.clb-ami1.be/_derived/schoten.htm_cmp_eclipse110_bnr.gif]
[www.clb-ami1.be/schoten.htm]
[www.clb-ami1.be/_derived/herentals.htm_cmp_eclipse110_bnr.gif]
[www.clb-ami1.be/herentals.htm]
[www.clb-ami1.be/_derived/s'gravenwezel.htm_cmp_eclipse110_bnr.gif]
[www.clb-ami1.be/s'gravenwezel.htm]
[www.clb-ami1.be/_derived/hoogstraten.htm_cmp_eclipse110_bnr.gif]
[www.clb-ami1.be/hoogstraten.htm]
[www.clb-ami1.be/_derived/stabroek.htm_cmp_eclipse110_bnr.gif]
[www.clb-ami1.be/stabroek.htm]
[www.clb-ami1.be/_derived/kalmthout.htm_cmp_eclipse110_bnr.gif]
[www.clb-ami1.be/kalmthout.htm]
[www.clb-ami1.be/_derived/turnhout.htm_cmp_eclipse110_bnr.gif]
[www.clb-ami1.be/turnhout.htm]
[www.clb-ami1.be/_derived/lier.htm_cmp_eclipse110_bnr.gif]
[www.clb-ami1.be/lier.htm]
[www.clb-ami1.be/_derived/vorselaar2.htm_cmp_eclipse110_bnr.gif]
[www.clb-ami1.be/vorselaar2.htm]
[www.clb-ami1.be/_derived/oostmalle1.htm_cmp_eclipse110_bnr.gif]
[www.clb-ami1.be/oostmalle1.htm]
[www.clb-ami1.be/_derived/wijnegem.htm_cmp_eclipse110_bnr.gif]
[www.clb-ami1.be/wijnegem.htm]
